> Task :app:preBuild UP-TO-DATE
> Task :app:preDebugBuild UP-TO-DATE
> Task :app:mergeDebugNativeDebugMetadata NO-SOURCE
> Task :app:generateDebugBuildConfig UP-TO-DATE
> Task :app:javaPreCompileDebug UP-TO-DATE
> Task :app:checkDebugAarMetadata UP-TO-DATE
> Task :app:generateDebugResValues UP-TO-DATE
> Task :app:mapDebugSourceSetPaths UP-TO-DATE
> Task :app:generateDebugResources UP-TO-DATE
> Task :app:mergeDebugResources UP-TO-DATE
> Task :app:packageDebugResources UP-TO-DATE
> Task :app:parseDebugLocalResources UP-TO-DATE
> Task :app:createDebugCompatibleScreenManifests UP-TO-DATE
> Task :app:extractDeepLinksDebug UP-TO-DATE
> Task :app:processDebugMainManifest
> Task :app:processDebugManifest
> Task :app:mergeDebugShaders UP-TO-DATE
> Task :app:compileDebugShaders NO-SOURCE
> Task :app:generateDebugAssets UP-TO-DATE
> Task :app:mergeDebugAssets UP-TO-DATE
> Task :app:compressDebugAssets UP-TO-DATE
> Task :app:checkDebugDuplicateClasses UP-TO-DATE
> Task :app:desugarDebugFileDependencies UP-TO-DATE
> Task :app:mergeExtDexDebug UP-TO-DATE
> Task :app:mergeLibDexDebug UP-TO-DATE
> Task :app:mergeDebugJniLibFolders UP-TO-DATE
> Task :app:mergeDebugNativeLibs NO-SOURCE
> Task :app:stripDebugDebugSymbols NO-SOURCE
> Task :app:validateSigningDebug UP-TO-DATE
> Task :app:writeDebugAppMetadata UP-TO-DATE
> Task :app:writeDebugSigningConfigVersions UP-TO-DATE
> Task :app:preReleaseBuild UP-TO-DATE
> Task :app:generateReleaseBuildConfig
> Task :app:javaPreCompileRelease
> Task :app:generateReleaseResValues
> Task :app:checkReleaseAarMetadata
> Task :app:mapReleaseSourceSetPaths
> Task :app:generateReleaseResources
> Task :app:packageReleaseResources
> Task :app:createReleaseCompatibleScreenManifests
> Task :app:extractDeepLinksRelease
> Task :app:processReleaseMainManifest
> Task :app:processReleaseManifest
> Task :app:parseReleaseLocalResources
> Task :app:extractProguardFiles
> Task :app:mergeReleaseJniLibFolders
> Task :app:mergeReleaseNativeLibs NO-SOURCE
> Task :app:stripReleaseDebugSymbols NO-SOURCE
> Task :app:extractReleaseNativeSymbolTables NO-SOURCE
> Task :app:mergeReleaseNativeDebugMetadata NO-SOURCE
> Task :app:desugarReleaseFileDependencies
> Task :app:mergeReleaseStartupProfile UP-TO-DATE
> Task :app:checkReleaseDuplicateClasses
> Task :app:mergeReleaseArtProfile
> Task :app:mergeReleaseResources
> Task :app:mergeReleaseShaders
> Task :app:compileReleaseShaders NO-SOURCE
> Task :app:generateReleaseAssets UP-TO-DATE
> Task :app:mergeReleaseAssets
> Task :app:compressReleaseAssets
> Task :app:extractReleaseVersionControlInfo
> Task :app:collectReleaseDependencies
> Task :app:sdkReleaseDependencyData
> Task :app:writeReleaseAppMetadata
> Task :app:writeReleaseSigningConfigVersions
> Task :app:preDebugAndroidTestBuild SKIPPED
> Task :app:generateDebugAndroidTestResValues
> Task :app:preDebugUnitTestBuild UP-TO-DATE
> Task :app:javaPreCompileDebugUnitTest
> Task :app:processDebugUnitTestJavaRes NO-SOURCE
> Task :app:preReleaseUnitTestBuild UP-TO-DATE
> Task :app:javaPreCompileReleaseUnitTest
> Task :app:processReleaseUnitTestJavaRes NO-SOURCE
> Task :app:processDebugManifestForPackage
> Task :app:processReleaseManifestForPackage
> Task :app:processDebugResources
> Task :app:processReleaseResources
> Task :app:mergeExtDexRelease
> Task :app:compileDebugJavaWithJavac
> Task :app:processDebugJavaRes UP-TO-DATE
> Task :app:mergeDebugJavaResource UP-TO-DATE
> Task :app:dexBuilderDebug
> Task :app:mergeProjectDexDebug
> Task :app:compileReleaseJavaWithJavac
> Task :app:generateReleaseLintVitalReportModel
> Task :app:dexBuilderRelease
> Task :app:packageDebug
> Task :app:createDebugApkListingFileRedirect
> Task :app:assembleDebug
> Task :app:mergeReleaseGlobalSynthetics
> Task :app:processReleaseJavaRes
> Task :app:generateDebugLintReportModel
> Task :app:bundleDebugClassesToCompileJar
> Task :app:generateDebugAndroidTestLintModel
> Task :app:generateDebugUnitTestLintModel
> Task :app:optimizeReleaseResources
> Task :app:bundleDebugClassesToRuntimeJar
> Task :app:mergeReleaseJavaResource
> Task :app:compileDebugUnitTestJavaWithJavac
> Task :app:testDebugUnitTest
> Task :app:bundleReleaseClassesToRuntimeJar
> Task :app:bundleReleaseClassesToCompileJar
> Task :app:mergeDexRelease
> Task :app:compileReleaseUnitTestJavaWithJavac
> Task :app:compileReleaseArtProfile
> Task :app:testReleaseUnitTest
> Task :app:test
> Task :app:packageRelease
> Task :app:createReleaseApkListingFileRedirect
> Task :app:lintVitalAnalyzeRelease
> Task :app:lintAnalyzeDebugAndroidTest
> Task :app:lintVitalReportRelease SKIPPED
> Task :app:lintVitalRelease SKIPPED
> Task :app:assembleRelease
> Task :app:assemble
> Task :app:lintAnalyzeDebug
> Task :app:lintAnalyzeDebugUnitTest

> Task :app:lintReportDebug
Wrote HTML report to file:///C:/Users/HP/AndroidStudioProjects/MediaExplorer/app/build/reports/lint-results-debug.html

> Task :app:lintDebug FAILED
Lint found 2 errors, 85 warnings. First failure:

C:\Users\HP\AndroidStudioProjects\MediaExplorer\app\src\main\res\layout\activity_main.xml:12: Error: Class referenced in the layout file, com.google.android.material.appbarLayout.AppBarLayout, was not found in the project or the libraries [MissingClass]
    <com.google.android.material.appbarLayout.AppBarLayout
    ^

   Explanation for issues of type "MissingClass":
   If a class is referenced in the manifest or in a layout file, it must also
   exist in the project (or in one of the libraries included by the project.
   This check helps uncover typos in registration names, or attempts to rename
   or move classes without updating the XML references properly.

   https://developer.android.com/guide/topics/manifest/manifest-intro.html


The full lint text report is located at:
  C:\Users\HP\AndroidStudioProjects\MediaExplorer\app\build\intermediates\lint_intermediate_text_report\debug\lintReportDebug\lint-results-debug.txt
.\gradlew.bat : 
строка:1 знак:53
+ ... ts\MediaExplorer; .\gradlew.bat build 2>&1 > build_output.txt; Get-Co ...
+                       ~~~~~~~~~~~~~~~~~~~~~~~~~~~~~~~~~~~~~~~~~~~
    + CategoryInfo          : NotSpecified: (:String) [], RemoteException
    + FullyQualifiedErrorId : NativeCommandError
 
FAILURE: Build failed with an exception.

* What went wrong:
Execution failed for task ':app:lintDebug'.
> Lint found errors in the project; aborting build.
  
  Fix the issues identified by lint, or create a baseline to see only new errors.
  To create a baseline, run `gradlew updateLintBaseline` after adding the following to the module's build.gradle file:
  ```
  android {
      lint {
          baseline = file("lint-baseline.xml")
      }
  }
  ```
  For more details, see https://developer.android.com/studio/write/lint#snapshot
  
  Lint found 2 errors, 85 warnings. First failure:
  
  C:\Users\HP\AndroidStudioProjects\MediaExplorer\app\src\main\res\layout\activity_main.xml:12: Error: Class referenced
 in the layout file, com.google.android.material.appbarLayout.AppBarLayout, was not found in the project or the librari
es [MissingClass]
      <com.google.android.material.appbarLayout.AppBarLayout
      ^
  
     Explanation for issues of type "MissingClass":
     If a class is referenced in the manifest or in a layout file, it must also
     exist in the project (or in one of the libraries included by the project.
     This check helps uncover typos in registration names, or attempts to rename
     or move classes without updating the XML references properly.
  
     https://developer.android.com/guide/topics/manifest/manifest-intro.html
  
  
  The full lint text report is located at:
    C:\Users\HP\AndroidStudioProjects\MediaExplorer\app\build\intermediates\lint_intermediate_text_report\debug\lintRep
ortDebug\lint-results-debug.txt

* Try:
> Run with --stacktrace option to get the stack trace.
> Run with --info or --debug option to get more log output.
> Run with --scan to get full insights.
> Get more help at https://help.gradle.org.

BUILD FAILED in 35s
94 actionable tasks: 69 executed, 25 up-to-date
